/usr/bin/ld: cc.o: in function `main':
cc.c:(.text+0xd6f): warning: the use of `mktemp' is dangerous, better use `mkstemp' or `mkdtemp'
